193.193.187.51 - - [24/Sep/2015:12:29:52 +0400] "GET / HTTP/1.1" 200 29514 "-" "Mozilla/5.0 (X11; Linux i686; rv:25.7) Gecko/20150820 Firefox/31.9 PaleMoon/25.7.0"
91.108.62.229 - - [24/Sep/2015:12:30:03 +0400] "GET / HTTP/1.1" 200 26246 "http://yandex.ru/yandsearch" "Mozilla/5.0 (Macintosh; Intel Mac OS X 10_10_4) AppleWebKit/537.36 (KHTML, like Gecko) Chrome/45.0.2454.93 Safari/537.36"
195.88.154.189 - - [24/Sep/2015:12:30:09 +0400] "GET / HTTP/1.1" 200 9628 "-" "Mozilla/5.0 (Windows NT 6.3; WOW64) AppleWebKit/537.36 (KHTML, like Gecko) Chrome/45.0.2454.99 Safari/537.36"
91.108.62.229 - - [24/Sep/2015:12:30:11 +0400] "GET /id30414 HTTP/1.1" 200 16552 "http://yandex.ru/yandsearch" "Mozilla/5.0 (Macintosh; Intel Mac OS X 10_10_4) AppleWebKit/537.36 (KHTML, like Gecko) Chrome/45.0.2454.93 Safari/537.36"
91.212.168.185 - - [24/Sep/2015:12:30:12 +0400] "GET / HTTP/1.1" 200 9838 "http://yandex.ru/yandsearch" "foobar"
91.219.250.204 - - [24/Sep/2015:12:30:14 +0400] "GET / HTTP/1.1" 200 19767 "-" "Mozilla/5.0 (Windows NT 10.0; WOW64) AppleWebKit/537.36 (KHTML, like Gecko) Chrome/45.0.2454.85 Safari/537.36 OPR/32.0.1948.25"
185.11.51.10 - - [24/Sep/2015:12:30:14 +0400] "GET / HTTP/1.1" 200 17836 "http://google.com/" "Mozilla/5.0 (Macintosh; Intel Mac OS X 10_10_4) AppleWebKit/537.36 (KHTML, like Gecko) Chrome/45.0.2454.93 Safari/537.36"
31.135.120.57 - - [24/Sep/2015:12:30:18 +0400] "GET / HTTP/1.1" 200 32599 "-" "Mozilla/5.0 (Windows NT 5.1; rv:25.5) Gecko/20150609 Firefox/31.9 PaleMoon/25.5.0"
185.11.51.10 - - [24/Sep/2015:12:30:20 +0400] "GET /id73911 HTTP/1.1" 200 16872 "http://google.com/" "Mozilla/5.0 (Macintosh; Intel Mac OS X 10_10_4) AppleWebKit/537.36 (KHTML, like Gecko) Chrome/45.0.2454.93 Safari/537.36"
188.95.189.202 - - [24/Sep/2015:12:30:21 +0400] "GET / HTTP/1.1" 200 30787 "http://bing.com/" "Mozilla/5.0 (Windows NT 5.1; U; de; rv:1.9.1.6) Gecko/20091201 Firefox/3.5.6 Opera 11.00"
195.88.154.189 - - [24/Sep/2015:12:30:24 +0400] "GET /id31507 HTTP/1.1" 200 9117 "-" "Mozilla/5.0 (Windows NT 6.3; WOW64) AppleWebKit/537.36 (KHTML, like Gecko) Chrome/45.0.2454.99 Safari/537.36"
91.212.168.185 - - [24/Sep/2015:12:30:25 +0400] "GET /id25489 HTTP/1.1" 200 22948 "http://yandex.ru/yandsearch" "foobar"
185.24.110.109 - - [24/Sep/2015:12:30:26 +0400] "GET / HTTP/1.1" 200 22523 "-" "Mozilla/5.0 (Windows NT 5.1; U; de; rv:1.9.1.6) Gecko/20091201 Firefox/3.5.6 Opera 11.00"
91.108.62.229 - - [24/Sep/2015:12:30:27 +0400] "GET /id66246 HTTP/1.1" 200 16129 "http://yandex.ru/yandsearch" "Mozilla/5.0 (Macintosh; Intel Mac OS X 10_10_4) AppleWebKit/537.36 (KHTML, like Gecko) Chrome/45.0.2454.93 Safari/537.36"
31.135.120.57 - - [24/Sep/2015:12:30:27 +0400] "GET /id20890 HTTP/1.1" 200 11619 "-" "Mozilla/5.0 (Windows NT 5.1; rv:25.5) Gecko/20150609 Firefox/31.9 PaleMoon/25.5.0"
77.247.210.244 - - [24/Sep/2015:12:30:28 +0400] "GET / HTTP/1.1" 200 14161 "http://google.com/" "Mozilla/5.0 (Windows NT 10.0; WOW64) AppleWebKit/537.36 (KHTML, like Gecko) Chrome/45.0.2454.99 Safari/537.36"
185.27.163.66 - - [24/Sep/2015:12:30:28 +0400] "GET / HTTP/1.1" 200 19728 "http://facebook.com/" "Mozilla/5.0 (Windows NT 6.3; WOW64; rv:31.0) Gecko/20100101 Firefox/31.0 DT-Browser/DTB7.031.0019"
195.211.196.72 - - [24/Sep/2015:12:30:28 +0400] "GET / HTTP/1.1" 200 22959 "-" "Mozilla/5.0 (Windows NT 6.1; WOW64; Trident/7.0; tb-webde/2.6.0; (web.de/1.3.0.0); rv:11.0) like Gecko"
91.219.250.204 - - [24/Sep/2015:12:30:29 +0400] "GET /id46885 HTTP/1.1" 200 12775 "-" "Mozilla/5.0 (Windows NT 10.0; WOW64) AppleWebKit/537.36 (KHTML, like Gecko) Chrome/45.0.2454.85 Safari/537.36 OPR/32.0.1948.25"
5.22.153.187 - - [24/Sep/2015:12:30:31 +0400] "GET / HTTP/1.1" 200 8685 "http://facebook.com/" "Mozilla/5.0 (Windows NT 10.0; Win64; x64) AppleWebKit/537.36 (KHTML, like Gecko) Chrome/41.0.2272.64 Safari/537.36"
83.219.16.6 - - [24/Sep/2015:12:30:32 +0400] "GET / HTTP/1.1" 200 22901 "-" "Mozilla/5.0 (Macintosh; Intel Mac OS X 10_8_5) AppleWebKit/600.8.9 (KHTML, like Gecko) Version/6.2.8 Safari/537.85.17"
195.88.154.189 - - [24/Sep/2015:12:30:33 +0400] "GET /id69942 HTTP/1.1" 200 14615 "-" "Mozilla/5.0 (Windows NT 6.3; WOW64) AppleWebKit/537.36 (KHTML, like Gecko) Chrome/45.0.2454.99 Safari/537.36"
193.28.179.168 - - [24/Sep/2015:12:30:33 +0400] "GET / HTTP/1.1" 200 14033 "http://yandex.ru/yandsearch" "Mozilla/4.0 (compatible; MSIE 8.0; Windows NT 6.0; Trident/4.0; GTB6.6; SLCC1; .NET CLR 2.0.50727; Media Center PC 5.0; .NET CLR 3.5.30729; .NET CLR 3.0.30729; .NET4.0C; InfoPath.2; BRI/2)"
195.191.65.201 - - [24/Sep/2015:12:30:33 +0400] "GET / HTTP/1.1" 200 18811 "http://google.com/" "Mozilla/5.0 (Macintosh; Intel Mac OS X 10_10_3) AppleWebKit/537.36 (KHTML, like Gecko) Chrome/44.0.2403.125 Safari/537.36"
31.135.120.57 - - [24/Sep/2015:12:30:34 +0400] "GET /id25608 HTTP/1.1" 200 11958 "-" "Mozilla/5.0 (Windows NT 5.1; rv:25.5) Gecko/20150609 Firefox/31.9 PaleMoon/25.5.0"
91.212.168.185 - - [24/Sep/2015:12:30:35 +0400] "GET /id21724 HTTP/1.1" 200 17343 "http://yandex.ru/yandsearch" "foobar"
37.139.41.4 - - [24/Sep/2015:12:30:36 +0400] "GET / HTTP/1.1" 200 20108 "http://yandex.ru/yandsearch" "Mozilla/5.0 (Windows NT 6.3; WOW64) AppleWebKit/537.36 (KHTML, like Gecko) Chrome/45.0.2454.99 Safari/537.36"
185.24.110.109 - - [24/Sep/2015:12:30:36 +0400] "GET /id81951 HTTP/1.1" 200 31589 "-" "Mozilla/5.0 (Windows NT 5.1; U; de; rv:1.9.1.6) Gecko/20091201 Firefox/3.5.6 Opera 11.00"
185.11.51.10 - - [24/Sep/2015:12:30:37 +0400] "GET /id23718 HTTP/1.1" 200 8884 "http://google.com/" "Mozilla/5.0 (Macintosh; Intel Mac OS X 10_10_4) AppleWebKit/537.36 (KHTML, like Gecko) Chrome/45.0.2454.93 Safari/537.36"
91.219.250.204 - - [24/Sep/2015:12:30:37 +0400] "GET /id96603 HTTP/1.1" 200 18227 "-" "Mozilla/5.0 (Windows NT 10.0; WOW64) AppleWebKit/537.36 (KHTML, like Gecko) Chrome/45.0.2454.85 Safari/537.36 OPR/32.0.1948.25"
188.95.189.202 - - [24/Sep/2015:12:30:37 +0400] "GET /id20664 HTTP/1.1" 200 19203 "http://bing.com/" "Mozilla/5.0 (Windows NT 5.1; U; de; rv:1.9.1.6) Gecko/20091201 Firefox/3.5.6 Opera 11.00"
185.27.163.66 - - [24/Sep/2015:12:30:38 +0400] "GET /id28820 HTTP/1.1" 200 27586 "http://facebook.com/" "Mozilla/5.0 (Windows NT 6.3; WOW64; rv:31.0) Gecko/20100101 Firefox/31.0 DT-Browser/DTB7.031.0019"
195.88.154.189 - - [24/Sep/2015:12:30:39 +0400] "GET /id84880 HTTP/1.1" 200 29305 "-" "Mozilla/5.0 (Windows NT 6.3; WOW64) AppleWebKit/537.36 (KHTML, like Gecko) Chrome/45.0.2454.99 Safari/537.36"
5.22.153.187 - - [24/Sep/2015:12:30:39 +0400] "GET /id71766 HTTP/1.1" 200 9219 "http://facebook.com/" "Mozilla/5.0 (Windows NT 10.0; Win64; x64) AppleWebKit/537.36 (KHTML, like Gecko) Chrome/41.0.2272.64 Safari/537.36"
195.191.65.201 - - [24/Sep/2015:12:30:40 +0400] "GET /id29757 HTTP/1.1" 200 16115 "http://google.com/" "Mozilla/5.0 (Macintosh; Intel Mac OS X 10_10_3) AppleWebKit/537.36 (KHTML, like Gecko) Chrome/44.0.2403.125 Safari/537.36"
31.135.120.57 - - [24/Sep/2015:12:30:41 +0400] "GET /id50539 HTTP/1.1" 200 20956 "-" "Mozilla/5.0 (Windows NT 5.1; rv:25.5) Gecko/20150609 Firefox/31.9 PaleMoon/25.5.0"
91.108.62.229 - - [24/Sep/2015:12:30:42 +0400] "GET /id19416 HTTP/1.1" 200 21143 "http://yandex.ru/yandsearch" "Mozilla/5.0 (Macintosh; Intel Mac OS X 10_10_4) AppleWebKit/537.36 (KHTML, like Gecko) Chrome/45.0.2454.93 Safari/537.36"
91.212.168.185 - - [24/Sep/2015:12:30:42 +0400] "GET /id78316 HTTP/1.1" 200 10287 "http://yandex.ru/yandsearch" "foobar"
185.24.110.109 - - [24/Sep/2015:12:30:42 +0400] "GET /id43125 HTTP/1.1" 200 12589 "-" "Mozilla/5.0 (Windows NT 5.1; U; de; rv:1.9.1.6) Gecko/20091201 Firefox/3.5.6 Opera 11.00"
91.219.250.204 - - [24/Sep/2015:12:30:44 +0400] "GET /id21045 HTTP/1.1" 200 24399 "-" "Mozilla/5.0 (Windows NT 10.0; WOW64) AppleWebKit/537.36 (KHTML, like Gecko) Chrome/45.0.2454.85 Safari/537.36 OPR/32.0.1948.25"
195.88.154.189 - - [24/Sep/2015:12:30:45 +0400] "GET /id96693 HTTP/1.1" 200 15804 "-" "Mozilla/5.0 (Windows NT 6.3; WOW64) AppleWebKit/537.36 (KHTML, like Gecko) Chrome/45.0.2454.99 Safari/537.36"
193.34.185.224 - - [24/Sep/2015:12:30:45 +0400] "GET / HTTP/1.1" 200 19667 "http://google.com/" "Nokia5610d-1/2.0 (09.40) Profile/MIDP-2.1 Configuration/CLDC-1.1 nokia5610d-1/UC Browser8.0.3.107/69/444 UNTRUSTED/1.0"
176.120.29.168 - - [24/Sep/2015:12:30:45 +0400] "GET / HTTP/1.1" 200 8581 "-" "Mozilla/5.0 (Macintosh; Intel Mac OS X 10_10_5) AppleWebKit/537.36 (KHTML, like Gecko) Chrome/45.0.2454.99 Safari/537.36"
77.247.210.244 - - [24/Sep/2015:12:30:45 +0400] "GET /id28353 HTTP/1.1" 200 13934 "http://google.com/" "Mozilla/5.0 (Windows NT 10.0; WOW64) AppleWebKit/537.36 (KHTML, like Gecko) Chrome/45.0.2454.99 Safari/537.36"
188.95.189.202 - - [24/Sep/2015:12:30:45 +0400] "GET /id47148 HTTP/1.1" 200 32439 "http://bing.com/" "Mozilla/5.0 (Windows NT 5.1; U; de; rv:1.9.1.6) Gecko/20091201 Firefox/3.5.6 Opera 11.00"
37.139.41.4 - - [24/Sep/2015:12:30:47 +0400] "GET /id24143 HTTP/1.1" 200 20738 "http://yandex.ru/yandsearch" "Mozilla/5.0 (Windows NT 6.3; WOW64) AppleWebKit/537.36 (KHTML, like Gecko) Chrome/45.0.2454.99 Safari/537.36"
103.5.79.49 - - [24/Sep/2015:12:30:48 +0400] "GET / HTTP/1.1" 200 20955 "http://yandex.ru/yandsearch" "Mozilla/4.0 (compatible; MSIE 8.0; Windows NT 5.1; Trident/4.0; InfoPath.2; .NET CLR 1.1.4322; .NET CLR 2.0.50727; .NET CLR 3.0.04506.648; .NET CLR 3.5.21022; .NET CLR 3.0.4506.2152; .NET CLR 3.5.30729; .NET4.0C)"
193.28.179.168 - - [24/Sep/2015:12:30:48 +0400] "GET /id24092 HTTP/1.1" 200 27638 "http://yandex.ru/yandsearch" "Mozilla/4.0 (compatible; MSIE 8.0; Windows NT 6.0; Trident/4.0; GTB6.6; SLCC1; .NET CLR 2.0.50727; Media Center PC 5.0; .NET CLR 3.5.30729; .NET CLR 3.0.30729; .NET4.0C; InfoPath.2; BRI/2)"
185.11.51.10 - - [24/Sep/2015:12:30:49 +0400] "GET /id77633 HTTP/1.1" 200 27286 "http://google.com/" "Mozilla/5.0 (Macintosh; Intel Mac OS X 10_10_4) AppleWebKit/537.36 (KHTML, like Gecko) Chrome/45.0.2454.93 Safari/537.36"
5.22.153.187 - - [24/Sep/2015:12:30:49 +0400] "GET /id36057 HTTP/1.1" 200 27977 "http://facebook.com/" "Mozilla/5.0 (Windows NT 10.0; Win64; x64) AppleWebKit/537.36 (KHTML, like Gecko) Chrome/41.0.2272.64 Safari/537.36"
195.137.171.110 - - [24/Sep/2015:12:30:49 +0400] "GET / HTTP/1.1" 200 25360 "http://google.com/" "Mozilla/5.0 (compatible; WOW64; MSIE 10.0; Windows NT 6.2)"
83.219.16.6 - - [24/Sep/2015:12:30:49 +0400] "GET /id93724 HTTP/1.1" 200 25068 "-" "Mozilla/5.0 (Macintosh; Intel Mac OS X 10_8_5) AppleWebKit/600.8.9 (KHTML, like Gecko) Version/6.2.8 Safari/537.85.17"
185.24.110.109 - - [24/Sep/2015:12:30:51 +0400] "GET /id28312 HTTP/1.1" 200 29587 "-" "Mozilla/5.0 (Windows NT 5.1; U; de; rv:1.9.1.6) Gecko/20091201 Firefox/3.5.6 Opera 11.00"
109.108.53.157 - - [24/Sep/2015:12:30:52 +0400] "GET / HTTP/1.1" 200 8260 "http://bing.com/" "Mozilla/5.0 (Macintosh; Intel Mac OS X 10_10_5) AppleWebKit/537.36 (KHTML, like Gecko) Chrome/45.0.2454.99 Safari/537.36"
195.191.65.201 - - [24/Sep/2015:12:30:53 +0400] "GET /id94672 HTTP/1.1" 200 16957 "http://google.com/" "Mozilla/5.0 (Macintosh; Intel Mac OS X 10_10_3) AppleWebKit/537.36 (KHTML, like Gecko) Chrome/44.0.2403.125 Safari/537.36"
91.219.250.204 - - [24/Sep/2015:12:30:53 +0400] "GET /id58461 HTTP/1.1" 200 11110 "-" "Mozilla/5.0 (Windows NT 10.0; WOW64) AppleWebKit/537.36 (KHTML, like Gecko) Chrome/45.0.2454.85 Safari/537.36 OPR/32.0.1948.25"
185.31.134.206 - - [24/Sep/2015:12:30:53 +0400] "GET / HTTP/1.1" 200 11151 "-" "Mozilla/5.0 (Windows NT 6.3; Win64; x64) AppleWebKit/537.36 (KHTML, like Gecko) Chrome/45.0.2454.7 Safari/537.36"
77.247.210.244 - - [24/Sep/2015:12:30:54 +0400] "GET /id44437 HTTP/1.1" 200 16598 "http://google.com/" "Mozilla/5.0 (Windows NT 10.0; WOW64) AppleWebKit/537.36 (KHTML, like Gecko) Chrome/45.0.2454.99 Safari/537.36"
91.108.62.229 - - [24/Sep/2015:12:30:55 +0400] "GET /id64247 HTTP/1.1" 200 20799 "http://yandex.ru/yandsearch" "Mozilla/5.0 (Macintosh; Intel Mac OS X 10_10_4) AppleWebKit/537.36 (KHTML, like Gecko) Chrome/45.0.2454.93 Safari/537.36"
193.34.185.224 - - [24/Sep/2015:12:30:55 +0400] "GET /id66168 HTTP/1.1" 200 29587 "http://google.com/" "Nokia5610d-1/2.0 (09.40) Profile/MIDP-2.1 Configuration/CLDC-1.1 nokia5610d-1/UC Browser8.0.3.107/69/444 UNTRUSTED/1.0"
193.28.179.168 - - [24/Sep/2015:12:30:56 +0400] "GET /id30789 HTTP/1.1" 200 32599 "http://yandex.ru/yandsearch" "Mozilla/4.0 (compatible; MSIE 8.0; Windows NT 6.0; Trident/4.0; GTB6.6; SLCC1; .NET CLR 2.0.50727; Media Center PC 5.0; .NET CLR 3.5.30729; .NET CLR 3.0.30729; .NET4.0C; InfoPath.2; BRI/2)"
195.88.154.189 - - [24/Sep/2015:12:30:57 +0400] "GET /id29755 HTTP/1.1" 200 11205 "-" "Mozilla/5.0 (Windows NT 6.3; WOW64) AppleWebKit/537.36 (KHTML, like Gecko) Chrome/45.0.2454.99 Safari/537.36"
91.212.168.185 - - [24/Sep/2015:12:30:58 +0400] "GET /id84647 HTTP/1.1" 200 11795 "http://yandex.ru/yandsearch" "foobar"
185.24.110.109 - - [24/Sep/2015:12:30:58 +0400] "GET /id18878 HTTP/1.1" 200 31611 "-" "Mozilla/5.0 (Windows NT 5.1; U; de; rv:1.9.1.6) Gecko/20091201 Firefox/3.5.6 Opera 11.00"
31.135.120.57 - - [24/Sep/2015:12:30:58 +0400] "GET /id47469 HTTP/1.1" 200 17222 "-" "Mozilla/5.0 (Windows NT 5.1; rv:25.5) Gecko/20150609 Firefox/31.9 PaleMoon/25.5.0"
185.11.51.10 - - [24/Sep/2015:12:30:58 +0400] "GET /id62571 HTTP/1.1" 200 12455 "http://google.com/" "Mozilla/5.0 (Macintosh; Intel Mac OS X 10_10_4) AppleWebKit/537.36 (KHTML, like Gecko) Chrome/45.0.2454.93 Safari/537.36"
83.219.16.6 - - [24/Sep/2015:12:31:01 +0400] "GET /id80710 HTTP/1.1" 200 31630 "-" "Mozilla/5.0 (Macintosh; Intel Mac OS X 10_8_5) AppleWebKit/600.8.9 (KHTML, like Gecko) Version/6.2.8 Safari/537.85.17"
176.120.29.168 - - [24/Sep/2015:12:31:01 +0400] "GET /id32994 HTTP/1.1" 200 16019 "-" "Mozilla/5.0 (Macintosh; Intel Mac OS X 10_10_5) AppleWebKit/537.36 (KHTML, like Gecko) Chrome/45.0.2454.99 Safari/537.36"
195.191.65.201 - - [24/Sep/2015:12:31:02 +0400] "GET /id61316 HTTP/1.1" 200 25736 "http://google.com/" "Mozilla/5.0 (Macintosh; Intel Mac OS X 10_10_3) AppleWebKit/537.36 (KHTML, like Gecko) Chrome/44.0.2403.125 Safari/537.36"
185.31.134.206 - - [24/Sep/2015:12:31:03 +0400] "GET /id61009 HTTP/1.1" 200 12096 "-" "Mozilla/5.0 (Windows NT 6.3; Win64; x64) AppleWebKit/537.36 (KHTML, like Gecko) Chrome/45.0.2454.7 Safari/537.36"
77.247.210.244 - - [24/Sep/2015:12:31:03 +0400] "GET /id26972 HTTP/1.1" 200 13948 "http://google.com/" "Mozilla/5.0 (Windows NT 10.0; WOW64) AppleWebKit/537.36 (KHTML, like Gecko) Chrome/45.0.2454.99 Safari/537.36"
91.219.250.204 - - [24/Sep/2015:12:31:04 +0400] "GET /id19784 HTTP/1.1" 200 11718 "-" "Mozilla/5.0 (Windows NT 10.0; WOW64) AppleWebKit/537.36 (KHTML, like Gecko) Chrome/45.0.2454.85 Safari/537.36 OPR/32.0.1948.25"
185.24.110.109 - - [24/Sep/2015:12:31:04 +0400] "GET /id78592 HTTP/1.1" 200 18622 "-" "Mozilla/5.0 (Windows NT 5.1; U; de; rv:1.9.1.6) Gecko/20091201 Firefox/3.5.6 Opera 11.00"
109.108.53.157 - - [24/Sep/2015:12:31:05 +0400] "GET /id39614 HTTP/1.1" 200 25552 "http://bing.com/" "Mozilla/5.0 (Macintosh; Intel Mac OS X 10_10_5) AppleWebKit/537.36 (KHTML, like Gecko) Chrome/45.0.2454.99 Safari/537.36"
5.22.153.187 - - [24/Sep/2015:12:31:06 +0400] "GET /id83460 HTTP/1.1" 200 21383 "http://facebook.com/" "Mozilla/5.0 (Windows NT 10.0; Win64; x64) AppleWebKit/537.36 (KHTML, like Gecko) Chrome/41.0.2272.64 Safari/537.36"
176.120.29.168 - - [24/Sep/2015:12:31:06 +0400] "GET /id68666 HTTP/1.1" 200 8316 "-" "Mozilla/5.0 (Macintosh; Intel Mac OS X 10_10_5) AppleWebKit/537.36 (KHTML, like Gecko) Chrome/45.0.2454.99 Safari/537.36"
195.88.154.189 - - [24/Sep/2015:12:31:06 +0400] "GET /id50386 HTTP/1.1" 200 20133 "-" "Mozilla/5.0 (Windows NT 6.3; WOW64) AppleWebKit/537.36 (KHTML, like Gecko) Chrome/45.0.2454.99 Safari/537.36"
195.191.65.201 - - [24/Sep/2015:12:31:07 +0400] "GET /id30240 HTTP/1.1" 200 25303 "http://google.com/" "Mozilla/5.0 (Macintosh; Intel Mac OS X 10_10_3) AppleWebKit/537.36 (KHTML, like Gecko) Chrome/44.0.2403.125 Safari/537.36"
193.34.185.224 - - [24/Sep/2015:12:31:08 +0400] "GET /id60841 HTTP/1.1" 200 10434 "http://google.com/" "Nokia5610d-1/2.0 (09.40) Profile/MIDP-2.1 Configuration/CLDC-1.1 nokia5610d-1/UC Browser8.0.3.107/69/444 UNTRUSTED/1.0"
91.212.168.185 - - [24/Sep/2015:12:31:08 +0400] "GET /id10979 HTTP/1.1" 200 19144 "http://yandex.ru/yandsearch" "foobar"
91.238.168.46 - - [24/Sep/2015:12:31:10 +0400] "GET / HTTP/1.1" 200 19235 "http://facebook.com/" "Mozilla/5.0 (Macintosh; Intel Mac OS X 10_7_5) AppleWebKit/537.36 (KHTML, like Gecko) Chrome/44.0.2403.130 Safari/537.36"
193.28.179.168 - - [24/Sep/2015:12:31:10 +0400] "GET /id49471 HTTP/1.1" 200 26905 "http://yandex.ru/yandsearch" "Mozilla/4.0 (compatible; MSIE 8.0; Windows NT 6.0; Trident/4.0; GTB6.6; SLCC1; .NET CLR 2.0.50727; Media Center PC 5.0; .NET CLR 3.5.30729; .NET CLR 3.0.30729; .NET4.0C; InfoPath.2; BRI/2)"
195.88.154.189 - - [24/Sep/2015:12:31:11 +0400] "GET /id98237 HTTP/1.1" 200 18341 "-" "Mozilla/5.0 (Windows NT 6.3; WOW64) AppleWebKit/537.36 (KHTML, like Gecko) Chrome/45.0.2454.99 Safari/537.36"
91.108.62.229 - - [24/Sep/2015:12:31:12 +0400] "GET /id95603 HTTP/1.1" 200 27587 "http://yandex.ru/yandsearch" "Mozilla/5.0 (Macintosh; Intel Mac OS X 10_10_4) AppleWebKit/537.36 (KHTML, like Gecko) Chrome/45.0.2454.93 Safari/537.36"
83.219.16.6 - - [24/Sep/2015:12:31:12 +0400] "GET /id75398 HTTP/1.1" 200 13777 "-" "Mozilla/5.0 (Macintosh; Intel Mac OS X 10_8_5) AppleWebKit/600.8.9 (KHTML, like Gecko) Version/6.2.8 Safari/537.85.17"
185.31.134.206 - - [24/Sep/2015:12:31:14 +0400] "GET /id98495 HTTP/1.1" 200 21840 "-" "Mozilla/5.0 (Windows NT 6.3; Win64; x64) AppleWebKit/537.36 (KHTML, like Gecko) Chrome/45.0.2454.7 Safari/537.36"
109.108.53.157 - - [24/Sep/2015:12:31:15 +0400] "GET /id35238 HTTP/1.1" 200 8606 "http://bing.com/" "Mozilla/5.0 (Macintosh; Intel Mac OS X 10_10_5) AppleWebKit/537.36 (KHTML, like Gecko) Chrome/45.0.2454.99 Safari/537.36"
5.22.153.187 - - [24/Sep/2015:12:31:15 +0400] "GET /id95016 HTTP/1.1" 200 12798 "http://facebook.com/" "Mozilla/5.0 (Windows NT 10.0; Win64; x64) AppleWebKit/537.36 (KHTML, like Gecko) Chrome/41.0.2272.64 Safari/537.36"
185.11.51.10 - - [24/Sep/2015:12:31:15 +0400] "GET /id35526 HTTP/1.1" 200 17411 "http://google.com/" "Mozilla/5.0 (Macintosh; Intel Mac OS X 10_10_4) AppleWebKit/537.36 (KHTML, like Gecko) Chrome/45.0.2454.93 Safari/537.36"
176.120.29.168 - - [24/Sep/2015:12:31:16 +0400] "GET /id81101 HTTP/1.1" 200 8579 "-" "Mozilla/5.0 (Macintosh; Intel Mac OS X 10_10_5) AppleWebKit/537.36 (KHTML, like Gecko) Chrome/45.0.2454.99 Safari/537.36"
195.191.65.201 - - [24/Sep/2015:12:31:18 +0400] "GET /id44142 HTTP/1.1" 200 22107 "http://google.com/" "Mozilla/5.0 (Macintosh; Intel Mac OS X 10_10_3) AppleWebKit/537.36 (KHTML, like Gecko) Chrome/44.0.2403.125 Safari/537.36"
83.219.16.6 - - [24/Sep/2015:12:31:20 +0400] "GET /id51540 HTTP/1.1" 200 17676 "-" "Mozilla/5.0 (Macintosh; Intel Mac OS X 10_8_5) AppleWebKit/600.8.9 (KHTML, like Gecko) Version/6.2.8 Safari/537.85.17"
77.247.210.244 - - [24/Sep/2015:12:31:20 +0400] "GET /id26734 HTTP/1.1" 200 23340 "http://google.com/" "Mozilla/5.0 (Windows NT 10.0; WOW64) AppleWebKit/537.36 (KHTML, like Gecko) Chrome/45.0.2454.99 Safari/537.36"
185.24.110.109 - - [24/Sep/2015:12:31:21 +0400] "GET /id21435 HTTP/1.1" 200 13241 "-" "Mozilla/5.0 (Windows NT 5.1; U; de; rv:1.9.1.6) Gecko/20091201 Firefox/3.5.6 Opera 11.00"
193.34.185.224 - - [24/Sep/2015:12:31:21 +0400] "GET /id49891 HTTP/1.1" 200 20717 "http://google.com/" "Nokia5610d-1/2.0 (09.40) Profile/MIDP-2.1 Configuration/CLDC-1.1 nokia5610d-1/UC Browser8.0.3.107/69/444 UNTRUSTED/1.0"
195.88.154.189 - - [24/Sep/2015:12:31:21 +0400] "GET /id89649 HTTP/1.1" 200 25235 "-" "Mozilla/5.0 (Windows NT 6.3; WOW64) AppleWebKit/537.36 (KHTML, like Gecko) Chrome/45.0.2454.99 Safari/537.36"
93.158.185.185 - - [24/Sep/2015:12:31:22 +0400] "GET / HTTP/1.1" 200 15792 "http://yandex.ru/yandsearch" "Opera/9.62 (Windows NT 5.0; U; de) Presto/2.1.1"
212.83.23.105 - - [24/Sep/2015:12:31:22 +0400] "GET / HTTP/1.1" 200 16802 "http://facebook.com/" "Opera/9.80 (Series 60; Opera Mini/7.0.28965/37.6488; U; en) Presto/2.12.423 Version/12.16"
185.47.157.72 - - [24/Sep/2015:12:31:22 +0400] "GET / HTTP/1.1" 200 8992 "-" "Mozilla/5.0 (Windows; U; Windows NT 5.2; es-AR; rv:1.9.1.19) Gecko/20110420 SeaMonkey/2.0.14"
91.238.168.46 - - [24/Sep/2015:12:31:23 +0400] "GET /id34425 HTTP/1.1" 200 20854 "http://facebook.com/" "Mozilla/5.0 (Macintosh; Intel Mac OS X 10_7_5) AppleWebKit/537.36 (KHTML, like Gecko) Chrome/44.0.2403.130 Safari/537.36"
